{
  "exit_code": -6,
  "stdout": "",
  "stderr": "Unexpected character: ,\n",
  "status": "fail"
}