{
  "exit_code": 0,
  "stdout": "VAR IDENTIFIER x EQUALS NUMBER 5.000000 SEMICOLON VAR IDENTIFIER y EQUALS NUMBER 10.000000 SEMICOLON VAR IDENTIFIER z EQUALS IDENTIFIER x PLUS IDENTIFIER y SEMICOLON \n",
  "stderr": "",
  "status": "pass"
}